%!Adobe-FontList 1.20
%Locale:0x409

%BeginFont
Handler:DirectoryHandler
FontType:TrueType
FontName:SVN-Avobolditalic
FamilyName:SVN-Avo
StyleName:Bold Italic
FullName:SVN-Avo bold talic
MenuName:SVN-Avo
StyleBits:3
WritingScript:Roman
OutlineFileName:D:\hoc-fpt\webduan\tung\Font\SVN-Avo bold italic.ttf
DataFormat:sfntData
hasSVG:no
VariableFontType:NonVariableFont
FileLength:64680
FileModTime:1589115630
WeightClass:700
WidthClass:5
AngleClass:0
NameArray:0,Mac,4,SVN-Avo bold talic
NameArray:0,Win,1,SVN-Avo
%EndFont

%BeginFont
Handler:DirectoryHandler
FontType:TrueType
FontName:SVN-Avobold
FamilyName:SVN-Avo
StyleName:Bold
FullName:SVN-Avobold
MenuName:SVN-Avo
StyleBits:2
WritingScript:Roman
OutlineFileName:D:\hoc-fpt\webduan\tung\Font\SVN-Avo bold.ttf
DataFormat:sfntData
hasSVG:no
VariableFontType:NonVariableFont
FileLength:68884
FileModTime:1589115630
WeightClass:700
WidthClass:5
AngleClass:0
NameArray:0,Mac,4,SVN-Avobold
NameArray:0,Win,1,SVN-Avo
%EndFont

%BeginFont
Handler:DirectoryHandler
FontType:TrueType
FontName:SVN-Avoitalic
FamilyName:SVN-Avo
StyleName:Italic
FullName:SVN-Avo italic
MenuName:SVN-Avo
StyleBits:1
WritingScript:Roman
OutlineFileName:D:\hoc-fpt\webduan\tung\Font\SVN-Avo italic.ttf
DataFormat:sfntData
hasSVG:no
VariableFontType:NonVariableFont
FileLength:67964
FileModTime:1589115630
WeightClass:400
WidthClass:5
AngleClass:0
NameArray:0,Mac,4,SVN-Avo italic
NameArray:0,Win,1,SVN-Avo
%EndFont

%BeginFont
Handler:DirectoryHandler
FontType:TrueType
FontName:SVN-Avo
FamilyName:SVN-Avo
StyleName:Regular
FullName:SVN-Avo
MenuName:SVN-Avo
StyleBits:0
WritingScript:Roman
OutlineFileName:D:\hoc-fpt\webduan\tung\Font\SVN-Avo.ttf
DataFormat:sfntData
hasSVG:no
VariableFontType:NonVariableFont
FileLength:67424
FileModTime:1589115630
WeightClass:400
WidthClass:5
AngleClass:0
NameArray:0,Mac,4,SVN-Avo
NameArray:0,Win,1,SVN-Avo
%EndFont

%BeginFont
Handler:DirectoryHandler
FontType:TrueType
FontName:SVN-Androgyne
FamilyName:SVN-Androgyne
StyleName:Regular
FullName:SVN-Androgyne
MenuName:SVN-Androgyne
StyleBits:0
WritingScript:Roman
OutlineFileName:D:\hoc-fpt\webduan\tung\Font\UTM-Androgyne.ttf
DataFormat:sfntData
hasSVG:no
VariableFontType:NonVariableFont
FileLength:143776
FileModTime:1589115630
WeightClass:400
WidthClass:5
AngleClass:0
NameArray:0,Mac,4,SVN-Androgyne
NameArray:0,Win,1,SVN-Androgyne
%EndFont

